// Jest Snapshot v1, https://goo.gl/fbAQLP

exports[`Trace item component Matches the snapshot 1`] = `
<div
  onMouseEnter={[Function]}
  onMouseLeave={[Function]}
>
  <div
    className="sc-fzoXzr ebpenJ"
  >
    <p
      className="sc-fzpjYC dUbwPq"
    >
      test
    </p>
    <p
      className="sc-fznxsB gPUzsl"
    >
      0
    </p>
  </div>
</div>
`;
